(C:\mamba_envs\WS) PS C:\OD\WS_Mdl> Dir_Fo_size
----------------------------------------------------------------------------------------------------
Provide the directory for which to print all folder sizes. If you want the current directory, simply press Enter.

code: 14.41 MB
data: 79201.92 MB
Mng: 42.53 MB
models: 403062.77 MB
other: 0.07 MB
software: 3887.54 MB
SS: 8.83 MB
symbology: 0.02 MB
----------------------------------------------------------------------------------------------------

(C:\mamba_envs\WS) PS C:\OD\WS_Mdl> git init
Initialized empty Git repository in C:/Users/Karam014/OneDrive - Universiteit Utrecht/WS_Mdl/.git/
(C:\mamba_envs\WS) PS C:\OD\WS_Mdl> git status
On branch master

No commits yet

Untracked files:
  (use "git add <file>..." to include in what will be committed)
        Mng/
        READ_ME.md
        SS/
        _Cmds_to_make_git.txt
        code/
        data/
        gitignore_copy
        models/
        other/
        software/
        symbology/

nothing added to commit but untracked files present (use "git add" to track)
(C:\mamba_envs\WS) PS C:\OD\WS_Mdl> New-Item ".gitignore"


    Directory: C:\OD\WS_Mdl


Mode                 LastWriteTime         Length Name
----                 -------------         ------ ----
-a----          4/2/2025   3:09 PM              0 .gitignore


(C:\mamba_envs\WS) PS C:\OD\WS_Mdl> git status --ignored
On branch master

No commits yet

Untracked files:
  (use "git add <file>..." to include in what will be committed)
        .gitignore
        Mng/
        READ_ME.md
        _Cmds_to_make_git.txt
        code/
        gitignore_copy
        other/
        symbology/

Ignored files:
  (use "git add -f <file>..." to include in what will be committed)
        Mng/SS/
        SS/
        code/PoP/HD_IDFs/SS/
        code/PrSimP/add_OBS/SS/
        code/SS/
        code/file_operations/Mdl_Fi_restructure/SS/
        data/
        models/
        software/

nothing added to commit but untracked files present (use "git add" to track)
(C:\mamba_envs\WS) PS C:\OD\WS_Mdl> git add .
warning: in the working copy of 'code/DA/KNMI23_CC_Sc_TS_DA.ipynb', LF will be replaced by CRLF the next time Git touches it
warning: in the working copy of 'code/DA/P_PET_TS_DA/P_PET_TS_DA.ipynb', LF will be replaced by CRLF the next time Git touches it
warning: in the working copy of 'code/PoP/HD_IDFs/PoP_HD_IDFs.ipynb', LF will be replaced by CRLF the next time Git touches it
warning: in the working copy of 'code/PoP/IDF_to_TIF.ipynb', LF will be replaced by CRLF the next time Git touches it
warning: in the working copy of 'code/PoP/TS_from_IDF.ipynb', LF will be replaced by CRLF the next time Git touches it
warning: in the working copy of 'code/PoP/Vis_OBS_TS/Vis_OBS_TS.ipynb', LF will be replaced by CRLF the next time Git touches it
warning: in the working copy of 'code/PrP/CHD_to_SHD/CHD_to_SHD_NBr8.ipynb', LF will be replaced by CRLF the next time Git touches it
warning: in the working copy of 'code/PrP/Mdl_In_to_MM/Mdl_In_to_MM.ipynb', LF will be replaced by CRLF the next time Git touches it
warning: in the working copy of 'code/PrP/edit_P/edit_P_NBr3.ipynb', LF will be replaced by CRLF the next time Git touches it
warning: in the working copy of 'code/PrP/edit_RIV/edit_RIV_NBr8.ipynb', LF will be replaced by CRLF the next time Git touches it
warning: in the working copy of 'code/PrP/make_OBS_IPF/make_OBS_IPF_NBr7.ipynb', LF will be replaced by CRLF the next time Git touches it
warning: in the working copy of 'code/PrP/make_OBS_IPF/make_OBS_IPF_NBr8 copy.ipynb', LF will be replaced by CRLF the next time Git touches it
warning: in the working copy of 'code/PrP/make_OBS_IPF/make_OBS_IPF_NBr8.ipynb', LF will be replaced by CRLF the next time Git touches it
warning: in the working copy of 'code/PrP/write_PRJ_section-CHD_SHD/write_PRJ_section-CHD_SHD.ipynb', LF will be replaced by CRLF the next time Git touches it
warning: in the working copy of 'code/PrP/write_PRJ_section-CHD_SHD/write_PRJ_section-CHD_SHD_NBr5.ipynb', LF will be replaced by CRLF the next time Git touches it
warning: in the working copy of 'code/PrP/write_mete_grid/write_mete_grid.ipynb', LF will be replaced by CRLF the next time Git touches it
warning: in the working copy of 'code/PrP/write_tiop_sim/write_tiop_sim.ipynb', LF will be replaced by CRLF the next time Git touches it
warning: in the working copy of 'code/PrSimP/add_OBS/add_OBS_NBr5_NBr6.ipynb', LF will be replaced by CRLF the next time Git touches it
warning: in the working copy of 'code/RunMng_v0.1.ipynb', LF will be replaced by CRLF the next time Git touches it
warning: in the working copy of 'code/WS_Mdl.egg-info/SOURCES.txt', LF will be replaced by CRLF the next time Git touches it
warning: in the working copy of 'code/WS_Mdl.egg-info/dependency_links.txt', LF will be replaced by CRLF the next time Git touches it
warning: in the working copy of 'code/WS_Mdl.egg-info/entry_points.txt', LF will be replaced by CRLF the next time Git touches it
warning: in the working copy of 'code/WS_Mdl.egg-info/requires.txt', LF will be replaced by CRLF the next time Git touches it
warning: in the working copy of 'code/WS_Mdl.egg-info/top_level.txt', LF will be replaced by CRLF the next time Git touches it
warning: in the working copy of 'code/explore/SimConfigDiff/SimCfgDiff.ipynb', LF will be replaced by CRLF the next time Git touches it
warning: in the working copy of 'code/explore/check_OBS_L/check_OBS_L copy.ipynb', LF will be replaced by CRLF the next time Git touches it
warning: in the working copy of 'code/explore/check_OBS_L/check_OBS_L.ipynb', LF will be replaced by CRLF the next time Git touches it
warning: in the working copy of 'code/file_operations/Mdl_Fi_restructure/Mdl_Fi_restructure.ipynb', LF will be replaced by CRLF the next time Git touches it
warning: in the working copy of 'other/GWM.code-workspace', LF will be replaced by CRLF the next time Git touches it
(C:\mamba_envs\WS) PS C:\OD\WS_Mdl> git status
On branch master

No commits yet

Changes to be committed:
  (use "git rm --cached <file>..." to unstage)
        new file:   .gitignore
        new file:   Mng/Acronyms.xlsx - Shortcut.lnk
        new file:   Mng/RunLog_extra_Info/emails/RE New Modflow6.6.0.msg
        new file:   Mng/WS-Mdl_Par_per_Fi.xlsx
        new file:   Mng/WS_Mdl_Ipvs.xlsx
        new file:   Mng/WS_RunLog.xlsx
        new file:   READ_ME.md
        new file:   _Cmds_to_make_git.txt
        new file:   code/DA/KNMI23_CC_Sc_TS_DA.ipynb
        new file:   code/DA/P_PET_TS_DA/P_PET_TS_DA.ipynb
        new file:   code/Env/Env_NBr7.yml
        new file:   code/Env/Env_NBr7_WS.yml
        new file:   code/Env/How_to_make_env.txt
        new file:   code/PoP/HD_IDFs/PoP_HD_IDFs.ipynb
        new file:   code/PoP/IDF_to_TIF.ipynb
        new file:   code/PoP/TS_from_IDF.ipynb
        new file:   code/PoP/Vis_OBS_TS/Vis_OBS_TS.ipynb
        new file:   code/PrP/CHD_to_SHD/CHD_to_SHD_NBr8.ipynb
        new file:   code/PrP/Mdl_In_to_MM/DF.csv
        new file:   code/PrP/Mdl_In_to_MM/DF.xlsx
        new file:   code/PrP/Mdl_In_to_MM/Mdl_In_to_MM.ipynb
        new file:   code/PrP/Mdl_In_to_MM/explore_d_PRJ.txt
        new file:   code/PrP/edit_P/F_edit_P.py
        new file:   code/PrP/edit_P/__pycache__/F_edit_P.cpython-311.pyc
        new file:   code/PrP/edit_P/edit_P_NBr3.ipynb
        new file:   code/PrP/edit_RIV/edit_RIV_NBr8.ipynb
        new file:   code/PrP/make_OBS_IPF/make_OBS_IPF_NBr7.ipynb
        new file:   code/PrP/make_OBS_IPF/make_OBS_IPF_NBr8 copy.ipynb
        new file:   code/PrP/make_OBS_IPF/make_OBS_IPF_NBr8.ipynb
        new file:   code/PrP/write_PRJ_section-CHD_SHD/CHD_block_2025_01_23.txt
        new file:   code/PrP/write_PRJ_section-CHD_SHD/CHD_block_2025_02_19_NBr4.txt
        new file:   code/PrP/write_PRJ_section-CHD_SHD/CHD_block_2025_02_19_NBr5.txt
        new file:   code/PrP/write_PRJ_section-CHD_SHD/SHD_block_2025_01_23.txt
        new file:   code/PrP/write_PRJ_section-CHD_SHD/write_PRJ_section-CHD_SHD.ipynb
        new file:   code/PrP/write_PRJ_section-CHD_SHD/write_PRJ_section-CHD_SHD_NBr5.ipynb
        new file:   code/PrP/write_mete_grid/mete_grid.inp
        new file:   code/PrP/write_mete_grid/write_mete_grid.ipynb
        new file:   code/PrP/write_mete_grid/write_mete_grid.py
        new file:   code/PrP/write_mete_grid/write_mete_grid_In.txt
        new file:   code/PrP/write_tiop_sim/tiop_sim.inp
        new file:   code/PrP/write_tiop_sim/write_tiop_sim.ipynb
        new file:   code/PrSimP/add_OBS/add_OBS_NBr5_NBr6.ipynb
        new file:   code/RunMng_v0.1.ipynb
        new file:   code/WS_Mdl.egg-info/PKG-INFO
        new file:   code/WS_Mdl.egg-info/SOURCES.txt
        new file:   code/WS_Mdl.egg-info/dependency_links.txt
        new file:   code/WS_Mdl.egg-info/entry_points.txt
        new file:   code/WS_Mdl.egg-info/requires.txt
        new file:   code/WS_Mdl.egg-info/top_level.txt
        new file:   code/WS_Mdl/PSP.py
        new file:   code/WS_Mdl/PoP.py
        new file:   code/WS_Mdl/PrP.py
        new file:   code/WS_Mdl/WS_Mdl.py
        new file:   code/WS_Mdl/__init__.py
        new file:   code/WS_Mdl/__main__.py
        new file:   code/WS_Mdl/__pycache__/WS_Mdl.cpython-312-FG-VM43.pyc
        new file:   code/WS_Mdl/__pycache__/WS_Mdl.cpython-312.pyc
        new file:   code/WS_Mdl/__pycache__/__init__.cpython-312.pyc
        new file:   code/WS_Mdl/__pycache__/__main__.cpython-312.pyc
        new file:   code/WS_Mdl/convert.py
        new file:   code/WS_Mdl/scripts/DVC_add_pattern.py
        new file:   code/WS_Mdl/scripts/Dir_Fo_size.py
        new file:   code/WS_Mdl/scripts/S_from_B.py
        new file:   code/WS_Mdl/scripts/__init__.py
        new file:   code/WS_Mdl/scripts/__pycache__/DVC_add_pattern.cpython-312.pyc
        new file:   code/WS_Mdl/scripts/__pycache__/Dir_Fo_size.cpython-312.pyc
        new file:   code/WS_Mdl/scripts/__pycache__/S_from_B.cpython-312.pyc
        new file:   code/WS_Mdl/scripts/__pycache__/__init__.cpython-312.pyc
        new file:   code/WS_Mdl/scripts/__pycache__/map_DVC.cpython-312.pyc
        new file:   code/WS_Mdl/scripts/__pycache__/map_DVC_files.cpython-312.pyc
        new file:   code/WS_Mdl/scripts/__pycache__/map_gitignore.cpython-312.pyc
        new file:   code/WS_Mdl/scripts/map_DVC.py
        new file:   code/WS_Mdl/scripts/map_gitignore.py
        new file:   code/build/launch_PS_WS.bat
        new file:   code/build/lib/WS_Mdl/CMD_scripts/S_from_B.py
        new file:   code/build/lib/WS_Mdl/CMD_scripts/__init__.py
        new file:   code/build/lib/WS_Mdl/WS_Mdl.py
        new file:   code/build/lib/WS_Mdl/__init__.py
        new file:   code/build/scripts-3.12/S_from_B.py
        new file:   code/explore/SimConfigDiff/SimCfgDiff.ipynb
        new file:   code/explore/check_OBS_L/check_OBS_L copy.ipynb
        new file:   code/explore/check_OBS_L/check_OBS_L.ipynb
        new file:   code/explore/check_OBS_L/check_OBS_L.xlsx
        new file:   code/explore/check_OBS_L/check_OBS_L_values.csv
        new file:   code/file_operations/Fi_copy_rename_etc/copy_rename.py
        new file:   code/file_operations/Fi_copy_rename_etc/rename_files.py
        new file:   code/file_operations/Mdl_Fi_restructure/DB_process_for_inspection.csv
        new file:   code/file_operations/Mdl_Fi_restructure/DF_process.csv
        new file:   code/file_operations/Mdl_Fi_restructure/Mdl_Fi_restructure.ipynb
        new file:   code/file_operations/Mdl_Fi_restructure/Mdl_Fi_restructure_In.xlsx
        new file:   code/file_operations/Mdl_Fi_restructure/Mdl_Fi_restructure_functions.py
        new file:   code/file_operations/Mdl_Fi_restructure/PRJ_Dirs.csv
        new file:   code/file_operations/Mdl_Fi_restructure/__pycache__/Mdl_Fi_restructure_functions.cpython-311.pyc
        new file:   code/file_operations/Mdl_Fi_restructure/__pycache__/Mdl_Fi_restructure_functions.cpython-312.pyc
        new file:   code/file_operations/Mdl_Fi_restructure/mete_grid_Dirs.csv
        new file:   code/setup.py
        new file:   gitignore_copy
        new file:   other/GWM.code-workspace
        new file:   other/Manning_calcs.xlsx
        new file:   symbology/iMOD/HD_SmB.leg

(C:\mamba_envs\WS) PS C:\OD\WS_Mdl> git init -m "Initial commit afterreinitialization with proper .gitignore"
error: unknown switch `m'
usage: git init [-q | --quiet] [--bare] [--template=<template-directory>]
                [--separate-git-dir <git-dir>] [--object-format=<format>]
                [--ref-format=<format>]
                [-b <branch-name> | --initial-branch=<branch-name>]
                [--shared[=<permissions>]] [<directory>]

    --[no-]template <template-directory>
                          directory from which templates will be used
    --[no-]bare           create a bare repository
    --shared[=<permissions>]
                          specify that the git repository is to be shared amongst several users
    -q, --[no-]quiet      be quiet
    --[no-]separate-git-dir <gitdir>
                          separate git dir from working tree
    -b, --[no-]initial-branch <name>
                          override the name of the initial branch
    --[no-]object-format <hash>
                          specify the hash algorithm to use
    --[no-]ref-format <format>
                          specify the reference format to use

(C:\mamba_envs\WS) PS C:\OD\WS_Mdl> git commit -m "Initial commit afterreinitialization with proper .gitignore"
[master (root-commit) 72f247c] Initial commit afterreinitialization with proper .gitignore
 Committer: Karampasis <m.karampasis@uu.nl>
Your name and email address were configured automatically based
on your username and hostname. Please check that they are accurate.
You can suppress this message by setting them explicitly:

    git config --global user.name "Your Name"
    git config --global user.email you@example.com

After doing this, you may fix the identity used for this commit with:

    git commit --amend --reset-author

 100 files changed, 48683 insertions(+)
 create mode 100644 .gitignore
 create mode 100644 Mng/Acronyms.xlsx - Shortcut.lnk
 create mode 100644 Mng/RunLog_extra_Info/emails/RE New Modflow6.6.0.msg
 create mode 100644 Mng/WS-Mdl_Par_per_Fi.xlsx
 create mode 100644 Mng/WS_Mdl_Ipvs.xlsx
 create mode 100644 Mng/WS_RunLog.xlsx
 create mode 100644 READ_ME.md
 create mode 100644 _Cmds_to_make_git.txt
 create mode 100644 code/DA/KNMI23_CC_Sc_TS_DA.ipynb
 create mode 100644 code/DA/P_PET_TS_DA/P_PET_TS_DA.ipynb
 create mode 100644 code/Env/Env_NBr7.yml
 create mode 100644 code/Env/Env_NBr7_WS.yml
 create mode 100644 code/Env/How_to_make_env.txt
 create mode 100644 code/PoP/HD_IDFs/PoP_HD_IDFs.ipynb
 create mode 100644 code/PoP/IDF_to_TIF.ipynb
 create mode 100644 code/PoP/TS_from_IDF.ipynb
 create mode 100644 code/PoP/Vis_OBS_TS/Vis_OBS_TS.ipynb
 create mode 100644 code/PrP/CHD_to_SHD/CHD_to_SHD_NBr8.ipynb
 create mode 100644 code/PrP/Mdl_In_to_MM/DF.csv
 create mode 100644 code/PrP/Mdl_In_to_MM/DF.xlsx
 create mode 100644 code/PrP/Mdl_In_to_MM/Mdl_In_to_MM.ipynb
 create mode 100644 code/PrP/Mdl_In_to_MM/explore_d_PRJ.txt
 create mode 100644 code/PrP/edit_P/F_edit_P.py
 create mode 100644 code/PrP/edit_P/__pycache__/F_edit_P.cpython-311.pyc
 create mode 100644 code/PrP/edit_P/edit_P_NBr3.ipynb
 create mode 100644 code/PrP/edit_RIV/edit_RIV_NBr8.ipynb
 create mode 100644 code/PrP/make_OBS_IPF/make_OBS_IPF_NBr7.ipynb
 create mode 100644 code/PrP/make_OBS_IPF/make_OBS_IPF_NBr8 copy.ipynb
 create mode 100644 code/PrP/make_OBS_IPF/make_OBS_IPF_NBr8.ipynb
 create mode 100644 code/PrP/write_PRJ_section-CHD_SHD/CHD_block_2025_01_23.txt
 create mode 100644 code/PrP/write_PRJ_section-CHD_SHD/CHD_block_2025_02_19_NBr4.txt
 create mode 100644 code/PrP/write_PRJ_section-CHD_SHD/CHD_block_2025_02_19_NBr5.txt
 create mode 100644 code/PrP/write_PRJ_section-CHD_SHD/SHD_block_2025_01_23.txt
 create mode 100644 code/PrP/write_PRJ_section-CHD_SHD/write_PRJ_section-CHD_SHD.ipynb
 create mode 100644 code/PrP/write_PRJ_section-CHD_SHD/write_PRJ_section-CHD_SHD_NBr5.ipynb
 create mode 100644 code/PrP/write_mete_grid/mete_grid.inp
 create mode 100644 code/PrP/write_mete_grid/write_mete_grid.ipynb
 create mode 100644 code/PrP/write_mete_grid/write_mete_grid.py
 create mode 100644 code/PrP/write_mete_grid/write_mete_grid_In.txt
 create mode 100644 code/PrP/write_tiop_sim/tiop_sim.inp
 create mode 100644 code/PrP/write_tiop_sim/write_tiop_sim.ipynb
 create mode 100644 code/PrSimP/add_OBS/add_OBS_NBr5_NBr6.ipynb
 create mode 100644 code/RunMng_v0.1.ipynb
 create mode 100644 code/WS_Mdl.egg-info/PKG-INFO
 create mode 100644 code/WS_Mdl.egg-info/SOURCES.txt
 create mode 100644 code/WS_Mdl.egg-info/dependency_links.txt
 create mode 100644 code/WS_Mdl.egg-info/entry_points.txt
 create mode 100644 code/WS_Mdl.egg-info/requires.txt
 create mode 100644 code/WS_Mdl.egg-info/top_level.txt
 create mode 100644 code/WS_Mdl/PSP.py
 create mode 100644 code/WS_Mdl/PoP.py
 create mode 100644 code/WS_Mdl/PrP.py
 create mode 100644 code/WS_Mdl/WS_Mdl.py
 create mode 100644 code/WS_Mdl/__init__.py
 create mode 100644 code/WS_Mdl/__main__.py
 create mode 100644 code/WS_Mdl/__pycache__/WS_Mdl.cpython-312-FG-VM43.pyc
 create mode 100644 code/WS_Mdl/__pycache__/WS_Mdl.cpython-312.pyc
 create mode 100644 code/WS_Mdl/__pycache__/__init__.cpython-312.pyc
 create mode 100644 code/WS_Mdl/__pycache__/__main__.cpython-312.pyc
 create mode 100644 code/WS_Mdl/convert.py
 create mode 100644 code/WS_Mdl/scripts/DVC_add_pattern.py
 create mode 100644 code/WS_Mdl/scripts/Dir_Fo_size.py
 create mode 100644 code/WS_Mdl/scripts/S_from_B.py
 create mode 100644 code/WS_Mdl/scripts/__init__.py
 create mode 100644 code/WS_Mdl/scripts/__pycache__/DVC_add_pattern.cpython-312.pyc
 create mode 100644 code/WS_Mdl/scripts/__pycache__/Dir_Fo_size.cpython-312.pyc
 create mode 100644 code/WS_Mdl/scripts/__pycache__/S_from_B.cpython-312.pyc
 create mode 100644 code/WS_Mdl/scripts/__pycache__/__init__.cpython-312.pyc
 create mode 100644 code/WS_Mdl/scripts/__pycache__/map_DVC.cpython-312.pyc
 create mode 100644 code/WS_Mdl/scripts/__pycache__/map_DVC_files.cpython-312.pyc
 create mode 100644 code/WS_Mdl/scripts/__pycache__/map_gitignore.cpython-312.pyc
 create mode 100644 code/WS_Mdl/scripts/map_DVC.py
 create mode 100644 code/WS_Mdl/scripts/map_gitignore.py
 create mode 100644 code/build/launch_PS_WS.bat
 create mode 100644 code/build/lib/WS_Mdl/CMD_scripts/S_from_B.py
 create mode 100644 code/build/lib/WS_Mdl/CMD_scripts/__init__.py
 create mode 100644 code/build/lib/WS_Mdl/WS_Mdl.py
 create mode 100644 code/build/lib/WS_Mdl/__init__.py
 create mode 100644 code/build/scripts-3.12/S_from_B.py
 create mode 100644 code/explore/SimConfigDiff/SimCfgDiff.ipynb
 create mode 100644 code/explore/check_OBS_L/check_OBS_L copy.ipynb
 create mode 100644 code/explore/check_OBS_L/check_OBS_L.ipynb
 create mode 100644 code/explore/check_OBS_L/check_OBS_L.xlsx
 create mode 100644 code/explore/check_OBS_L/check_OBS_L_values.csv
 create mode 100644 code/file_operations/Fi_copy_rename_etc/copy_rename.py
 create mode 100644 code/file_operations/Fi_copy_rename_etc/rename_files.py
 create mode 100644 code/file_operations/Mdl_Fi_restructure/DB_process_for_inspection.csv
 create mode 100644 code/file_operations/Mdl_Fi_restructure/DF_process.csv
 create mode 100644 code/file_operations/Mdl_Fi_restructure/Mdl_Fi_restructure.ipynb
 create mode 100644 code/file_operations/Mdl_Fi_restructure/Mdl_Fi_restructure_In.xlsx
 create mode 100644 code/file_operations/Mdl_Fi_restructure/Mdl_Fi_restructure_functions.py
 create mode 100644 code/file_operations/Mdl_Fi_restructure/PRJ_Dirs.csv
 create mode 100644 code/file_operations/Mdl_Fi_restructure/__pycache__/Mdl_Fi_restructure_functions.cpython-311.pyc
 create mode 100644 code/file_operations/Mdl_Fi_restructure/__pycache__/Mdl_Fi_restructure_functions.cpython-312.pyc
 create mode 100644 code/file_operations/Mdl_Fi_restructure/mete_grid_Dirs.csv
 create mode 100644 code/setup.py
 create mode 100644 gitignore_copy
 create mode 100644 other/GWM.code-workspace
 create mode 100644 other/Manning_calcs.xlsx
 create mode 100644 symbology/iMOD/HD_SmB.leg
(C:\mamba_envs\WS) PS C:\OD\WS_Mdl> git remote add origin https://github.com/Ydrolog/WS_Mdl
(C:\mamba_envs\WS) PS C:\OD\WS_Mdl> git branch -M main
(C:\mamba_envs\WS) PS C:\OD\WS_Mdl> git push -u origin main
info: please complete authentication in your browser...
Enumerating objects: 139, done.
Counting objects: 100% (139/139), done.
Delta compression using up to 12 threads
Compressing objects: 100% (121/121), done.
Writing objects: 100% (139/139), 3.57 MiB | 2.85 MiB/s, done.
Total 139 (delta 18), reused 0 (delta 0), pack-reused 0 (from 0)
remote: Resolving deltas: 100% (18/18), done.
To https://github.com/Ydrolog/WS_Mdl
 * [new branch]      main -> main
branch 'main' set up to track 'origin/main'.
(C:\mamba_envs\WS) PS C:\OD\WS_Mdl> git status
On branch main
Your branch is up to date with 'origin/main'.

nothing to commit, working tree clean
(C:\mamba_envs\WS) PS C:\OD\WS_Mdl> git remote -v
origin  https://github.com/Ydrolog/WS_Mdl (fetch)
origin  https://github.com/Ydrolog/WS_Mdl (push)
(C:\mamba_envs\WS) PS C:\OD\WS_Mdl> git rm .\gitignore_copy
rm 'gitignore_copy'
(C:\mamba_envs\WS) PS C:\OD\WS_Mdl> status
status : The term 'status' is not recognized as the name of a cmdlet, function, script file, or operable program.
Check the spelling of the name, or if a path was included, verify that the path is correct and try again.
At line:1 char:1
+ status
+ ~~~~~~
    + CategoryInfo          : ObjectNotFound: (status:String) [], CommandNotFoundException
    + FullyQualifiedErrorId : CommandNotFoundException

(C:\mamba_envs\WS) PS C:\OD\WS_Mdl> git status
On branch main
Your branch is up to date with 'origin/main'.

Changes to be committed:
  (use "git restore --staged <file>..." to unstage)
        deleted:    gitignore_copy

(C:\mamba_envs\WS) PS C:\OD\WS_Mdl> dvc init
Initialized DVC repository.

You can now commit the changes to git.

+---------------------------------------------------------------------+
|                                                                     |
|        DVC has enabled anonymous aggregate usage analytics.         |
|     Read the analytics documentation (and how to opt-out) here:     |
|             <https://dvc.org/doc/user-guide/analytics>              |
|                                                                     |
+---------------------------------------------------------------------+

What's next?
------------
- Check out the documentation: <https://dvc.org/doc>
- Get help and share ideas: <https://dvc.org/chat>
- Star us on GitHub: <https://github.com/iterative/dvc>
(C:\mamba_envs\WS) PS C:\OD\WS_Mdl>
















(C:\mamba_envs\WS) PS C:\OD\WS_Mdl> git status
On branch main
Your branch is up to date with 'origin/main'.

Changes to be committed:
  (use "git restore --staged <file>..." to unstage)
        new file:   .dvc/.gitignore
        new file:   .dvc/config
        new file:   .dvcignore
        deleted:    gitignore_copy

Changes not staged for commit:
  (use "git add <file>..." to update what will be committed)
  (use "git restore <file>..." to discard changes in working directory)
        modified:   .dvcignore
        modified:   .gitignore

(C:\mamba_envs\WS) PS C:\OD\WS_Mdl> git add .
(C:\mamba_envs\WS) PS C:\OD\WS_Mdl> git status
On branch main
Your branch is up to date with 'origin/main'.

Changes to be committed:
  (use "git restore --staged <file>..." to unstage)
        new file:   .dvc/.gitignore
        new file:   .dvc/config
        new file:   .dvcignore
        modified:   .gitignore
        deleted:    gitignore_copy

(C:\mamba_envs\WS) PS C:\OD\WS_Mdl> git commit -m "DVC init"
[main fbff27c] DVC init
 Committer: Karampasis <m.karampasis@uu.nl>
Your name and email address were configured automatically based
on your username and hostname. Please check that they are accurate.
You can suppress this message by setting them explicitly:

    git config --global user.name "Your Name"
    git config --global user.email you@example.com

After doing this, you may fix the identity used for this commit with:

    git commit --amend --reset-author

 5 files changed, 8 insertions(+), 26 deletions(-)
 create mode 100644 .dvc/.gitignore
 create mode 100644 .dvc/config
 create mode 100644 .dvcignore
 delete mode 100644 gitignore_copy
(C:\mamba_envs\WS) PS C:\OD\WS_Mdl> dvc config cache.type hardlink
(C:\mamba_envs\WS) PS C:\OD\WS_Mdl> git commit -am "Set DVC cache to hardlink (no duplication), so that files don't get double-stored."
[main fa41214] Set DVC cache to hardlink (no duplication), so that files don't get double-stored.
 Committer: Karampasis <m.karampasis@uu.nl>
Your name and email address were configured automatically based
on your username and hostname. Please check that they are accurate.
You can suppress this message by setting them explicitly:

    git config --global user.name "Your Name"
    git config --global user.email you@example.com

After doing this, you may fix the identity used for this commit with:

    git commit --amend --reset-author

 1 file changed, 2 insertions(+)
(C:\mamba_envs\WS) PS C:\OD\WS_Mdl> git config user.name "Marios"
(C:\mamba_envs\WS) PS C:\OD\WS_Mdl> git config user.email "m.karampasis@uu.nl"
(C:\mamba_envs\WS) PS C:\OD\WS_Mdl> git commit -am "Set default names."
On branch main
Your branch is ahead of 'origin/main' by 2 commits.
  (use "git push" to publish your local commits)

nothing to commit, working tree clean
(C:\mamba_envs\WS) PS C:\OD\WS_Mdl> dvc add data/Dates.csv
ERROR: bad DVC file name 'data\Dates.csv.dvc' is git-ignored.
(C:\mamba_envs\WS) PS C:\OD\WS_Mdl> dvc add data/Dates.csv
100% Adding...|███████████████████████████████████████████████████████████████████████████|1/1 [00:00,  7.85file/s]

To track the changes with git, run:

        git add 'data\.gitignore' 'data\Dates.csv.dvc'

To enable auto staging, run:

        dvc config core.autostage true
(C:\mamba_envs\WS) PS C:\OD\WS_Mdl> dvc config core.autstage true
ERROR: configuration error - config file error: extra keys not allowed @ data['core']['autstage']
(C:\mamba_envs\WS) PS C:\OD\WS_Mdl> dvc config core.autostage true
(C:\mamba_envs\WS) PS C:\OD\WS_Mdl> git add data/,gitignore data/Dates.csv.dvc
fatal: pathspec 'data/,gitignore' did not match any files
(C:\mamba_envs\WS) PS C:\OD\WS_Mdl> git add data/.gitignore data/Dates.csv.dvc
(C:\mamba_envs\WS) PS C:\OD\WS_Mdl> git status
On branch main
Your branch is ahead of 'origin/main' by 2 commits.
  (use "git push" to publish your local commits)

Changes to be committed:
  (use "git restore --staged <file>..." to unstage)
        new file:   data/.gitignore
        new file:   data/Dates.csv.dvc

Changes not staged for commit:
  (use "git add <file>..." to update what will be committed)
  (use "git restore <file>..." to discard changes in working directory)
        modified:   .dvc/config
        modified:   .gitignore

Untracked files:
  (use "git add <file>..." to include in what will be committed)
        data/KNMI23/
        data/MetaSWAP_DB/

(C:\mamba_envs\WS) PS C:\OD\WS_Mdl> git commit -am "Track Dates.csv, enabled dvc auto-staging"
[main 2ecb03e] Track Dates.csv, enabled dvc auto-staging
 4 files changed, 8 insertions(+), 1 deletion(-)
 create mode 100644 data/.gitignore
 create mode 100644 data/Dates.csv.dvc
(C:\mamba_envs\WS) PS C:\OD\WS_Mdl> dvc add .\data\KNMI23\pet\*
Adding...
ERROR: unexpected error - [WinError 123] The filename, directory name, or volume label syntax is incorrect: 'C:/OD/WS_Mdl/data/KNMI23/pet/*'

Having any troubles? Hit us up at https://dvc.org/support, we are always happy to help!
(C:\mamba_envs\WS) PS C:\OD\WS_Mdl> dvc add .\data\KNMI23\pet\
100% Adding...|███████████████████████████████████████████████████████████████████████████|1/1 [00:05,  5.28s/file]
(C:\mamba_envs\WS) PS C:\OD\WS_Mdl> dvc add .\data\MetaSWAP_DB\LHM2018_v02v\
100% Adding...|█████████████████████████████████████████████████████████████████████████|1/1 [28:18, 1698.72s/file]
(C:\mamba_envs\WS) PS C:\OD\WS_Mdl> dvc add .\data\KNMI23\pr\
100% Adding...|███████████████████████████████████████████████████████████████████████████|1/1 [00:04,  4.34s/file]
(C:\mamba_envs\WS) PS C:\OD\WS_Mdl> dvc status
Data and pipelines are up to date.
(C:\mamba_envs\WS) PS C:\OD\WS_Mdl> git status
On branch main
Your branch is ahead of 'origin/main' by 3 commits.
  (use "git push" to publish your local commits)

Changes to be committed:
  (use "git restore --staged <file>..." to unstage)
        new file:   data/KNMI23/.gitignore
        new file:   data/KNMI23/pet.dvc
        new file:   data/KNMI23/pr.dvc
        new file:   data/MetaSWAP_DB/.gitignore
        new file:   data/MetaSWAP_DB/LHM2018_v02v.dvc

(C:\mamba_envs\WS) PS C:\OD\WS_Mdl> git commit -am "All files under data have been DVC'd"
[main f1109ce] All files under data have been DVC'd
 5 files changed, 21 insertions(+)
 create mode 100644 data/KNMI23/.gitignore
 create mode 100644 data/KNMI23/pet.dvc
 create mode 100644 data/KNMI23/pr.dvc
 create mode 100644 data/MetaSWAP_DB/.gitignore
 create mode 100644 data/MetaSWAP_DB/LHM2018_v02v.dvc
(C:\mamba_envs\WS) PS C:\OD\WS_Mdl> git status
On branch main
Your branch is ahead of 'origin/main' by 4 commits.
  (use "git push" to publish your local commits)

nothing to commit, working tree clean
(C:\mamba_envs\WS) PS C:\OD\WS_Mdl> git push
Enumerating objects: 31, done.
Counting objects: 100% (31/31), done.
Delta compression using up to 12 threads
Compressing objects: 100% (23/23), done.
Writing objects: 100% (29/29), 2.63 KiB | 299.00 KiB/s, done.
Total 29 (delta 6), reused 0 (delta 0), pack-reused 0 (from 0)
remote: Resolving deltas: 100% (6/6), completed with 1 local object.
To https://github.com/Ydrolog/WS_Mdl
   72f247c..f1109ce  main -> main
(C:\mamba_envs\WS) PS C:\OD\WS_Mdl> Rename-Item -Path "READ_ME.md" -NewName "README.md"
(C:\mamba_envs\WS) PS C:\OD\WS_Mdl> git add .\README.md
(C:\mamba_envs\WS) PS C:\OD\WS_Mdl> git rm READ_ME.md
rm 'READ_ME.md'
(C:\mamba_envs\WS) PS C:\OD\WS_Mdl> git commit -m "REname READ_ME.md to README.md, so that it can be recognised by GitHub as the readme file of this repo"
[main 05b661e] REname READ_ME.md to README.md, so that it can be recognised by GitHub as the readme file of this repo
 1 file changed, 0 insertions(+), 0 deletions(-)
 rename READ_ME.md => README.md (100%)
(C:\mamba_envs\WS) PS C:\OD\WS_Mdl> git push
Enumerating objects: 3, done.
Counting objects: 100% (3/3), done.
Delta compression using up to 12 threads
Compressing objects: 100% (2/2), done.
Writing objects: 100% (2/2), 287 bytes | 287.00 KiB/s, done.
Total 2 (delta 1), reused 0 (delta 0), pack-reused 0 (from 0)
remote: Resolving deltas: 100% (1/1), completed with 1 local object.
To https://github.com/Ydrolog/WS_Mdl
   f1109ce..05b661e  main -> main
(C:\mamba_envs\WS) PS C:\OD\WS_Mdl> dvc add .\software\iMOD5\
ERROR: bad DVC file name 'software\iMOD5.dvc' is git-ignored.
(C:\mamba_envs\WS) PS C:\OD\WS_Mdl> dvc add .\software\iMOD5\
100% Adding...|██████████████████████████████████████████████████████████████████████████|1/1 [03:39, 219.27s/file]